WARNING: A terminally deprecated method in sun.misc.Unsafe has been called
WARNING: sun.misc.Unsafe::staticFieldBase has been called by com.google.inject.internal.aop.HiddenClassDefiner (file:/opt/homebrew/Cellar/maven/3.9.11/libexec/lib/guice-5.1.0-classes.jar)
WARNING: Please consider reporting this to the maintainers of class com.google.inject.internal.aop.HiddenClassDefiner
WARNING: sun.misc.Unsafe::staticFieldBase will be removed in a future release
[INFO] Scanning for projects...
[INFO] 
[INFO] -------------------< com.sparkage:timebeam-backend >--------------------
[INFO] Building TimeBeam Backend 0.0.1-SNAPSHOT
[INFO]   from pom.xml
[INFO] --------------------------------[ jar ]---------------------------------
[INFO] 
[INFO] >>> spring-boot:3.2.0:run (default-cli) > test-compile @ timebeam-backend >>>
[INFO] 
[INFO] --- resources:3.3.1:resources (default-resources) @ timebeam-backend ---
[INFO] Copying 1 resource from src/main/resources to target/classes
[INFO] Copying 0 resource from src/main/resources to target/classes
[INFO] 
[INFO] --- compiler:3.11.0:compile (default-compile) @ timebeam-backend ---
[INFO] Nothing to compile - all classes are up to date
[INFO] 
[INFO] --- resources:3.3.1:testResources (default-testResources) @ timebeam-backend ---
[INFO] skip non existing resourceDirectory /Users/kayisrahman/Documents/workspace/ideas/time-beam/back-end/src/test/resources
[INFO] 
[INFO] --- compiler:3.11.0:testCompile (default-testCompile) @ timebeam-backend ---
[INFO] Changes detected - recompiling the module! :source
[INFO] Compiling 10 source files with javac [debug release 17] to target/test-classes
[INFO] -------------------------------------------------------------
[ERROR] COMPILATION ERROR : 
[INFO] -------------------------------------------------------------
[ERROR] /Users/kayisrahman/Documents/workspace/ideas/time-beam/back-end/src/test/java/com/sparkage/timebeam/infrastructure/persistence/SessionRecordRepositoryIT.java:[3,35] package com.sparkage.timebeam.model does not exist
[ERROR] /Users/kayisrahman/Documents/workspace/ideas/time-beam/back-end/src/test/java/com/sparkage/timebeam/infrastructure/persistence/SessionRecordRepositoryIT.java:[17,13] cannot find symbol
  symbol:   class SessionRecordRepository
  location: class com.sparkage.timebeam.repository.SessionRecordRepositoryIT
[ERROR] /Users/kayisrahman/Documents/workspace/ideas/time-beam/back-end/src/test/java/com/sparkage/timebeam/presentation/controller/AuthControllerTest.java:[4,33] package com.sparkage.timebeam.dto does not exist
[ERROR] /Users/kayisrahman/Documents/workspace/ideas/time-beam/back-end/src/test/java/com/sparkage/timebeam/presentation/controller/AuthControllerTest.java:[5,33] package com.sparkage.timebeam.dto does not exist
[ERROR] /Users/kayisrahman/Documents/workspace/ideas/time-beam/back-end/src/test/java/com/sparkage/timebeam/presentation/controller/AuthControllerTest.java:[6,37] cannot find symbol
  symbol:   class AuthService
  location: package com.sparkage.timebeam.service
[ERROR] /Users/kayisrahman/Documents/workspace/ideas/time-beam/back-end/src/test/java/com/sparkage/timebeam/presentation/controller/AuthControllerTest.java:[7,37] cannot find symbol
  symbol:   class UserService
  location: package com.sparkage.timebeam.service
[ERROR] /Users/kayisrahman/Documents/workspace/ideas/time-beam/back-end/src/test/java/com/sparkage/timebeam/presentation/controller/AuthControllerTest.java:[8,38] package com.sparkage.timebeam.security does not exist
[ERROR] /Users/kayisrahman/Documents/workspace/ideas/time-beam/back-end/src/test/java/com/sparkage/timebeam/presentation/controller/AuthControllerTest.java:[35,13] cannot find symbol
  symbol:   class UserService
  location: class com.sparkage.timebeam.controller.AuthControllerTest
[ERROR] /Users/kayisrahman/Documents/workspace/ideas/time-beam/back-end/src/test/java/com/sparkage/timebeam/presentation/controller/AuthControllerTest.java:[38,13] cannot find symbol
  symbol:   class AuthService
  location: class com.sparkage.timebeam.controller.AuthControllerTest
[ERROR] /Users/kayisrahman/Documents/workspace/ideas/time-beam/back-end/src/test/java/com/sparkage/timebeam/presentation/controller/AuthControllerTest.java:[41,13] cannot find symbol
  symbol:   class JwtUtils
  location: class com.sparkage.timebeam.controller.AuthControllerTest
[ERROR] /Users/kayisrahman/Documents/workspace/ideas/time-beam/back-end/src/test/java/com/sparkage/timebeam/application/service/AnalyticsServiceTest.java:[3,33] package com.sparkage.timebeam.dto does not exist
[ERROR] /Users/kayisrahman/Documents/workspace/ideas/time-beam/back-end/src/test/java/com/sparkage/timebeam/application/service/AnalyticsServiceTest.java:[13,19] cannot find symbol
  symbol:   class AnalyticsService
  location: class com.sparkage.timebeam.service.AnalyticsServiceTest
[ERROR] /Users/kayisrahman/Documents/workspace/ideas/time-beam/back-end/src/test/java/com/sparkage/timebeam/presentation/controller/SessionControllerTest.java:[4,33] package com.sparkage.timebeam.dto does not exist
[ERROR] /Users/kayisrahman/Documents/workspace/ideas/time-beam/back-end/src/test/java/com/sparkage/timebeam/presentation/controller/SessionControllerTest.java:[5,37] cannot find symbol
  symbol:   class SessionService
  location: package com.sparkage.timebeam.service
[ERROR] /Users/kayisrahman/Documents/workspace/ideas/time-beam/back-end/src/test/java/com/sparkage/timebeam/presentation/controller/SessionControllerTest.java:[6,38] package com.sparkage.timebeam.security does not exist
[ERROR] /Users/kayisrahman/Documents/workspace/ideas/time-beam/back-end/src/test/java/com/sparkage/timebeam/presentation/controller/SessionControllerTest.java:[7,38] package com.sparkage.timebeam.security does not exist
[ERROR] /Users/kayisrahman/Documents/workspace/ideas/time-beam/back-end/src/test/java/com/sparkage/timebeam/presentation/controller/SessionControllerTest.java:[36,13] cannot find symbol
  symbol:   class SessionService
  location: class com.sparkage.timebeam.controller.SessionControllerTest
[ERROR] /Users/kayisrahman/Documents/workspace/ideas/time-beam/back-end/src/test/java/com/sparkage/timebeam/presentation/controller/SessionControllerTest.java:[39,13] cannot find symbol
  symbol:   class JwtUtils
  location: class com.sparkage.timebeam.controller.SessionControllerTest
[ERROR] /Users/kayisrahman/Documents/workspace/ideas/time-beam/back-end/src/test/java/com/sparkage/timebeam/presentation/controller/SessionControllerTest.java:[42,13] cannot find symbol
  symbol:   class JwtAuthenticationFilter
  location: class com.sparkage.timebeam.controller.SessionControllerTest
[ERROR] /Users/kayisrahman/Documents/workspace/ideas/time-beam/back-end/src/test/java/com/sparkage/timebeam/application/service/SessionServiceTest.java:[3,33] package com.sparkage.timebeam.dto does not exist
[ERROR] /Users/kayisrahman/Documents/workspace/ideas/time-beam/back-end/src/test/java/com/sparkage/timebeam/application/service/SessionServiceTest.java:[4,36] package com.sparkage.timebeam.mapper does not exist
[ERROR] /Users/kayisrahman/Documents/workspace/ideas/time-beam/back-end/src/test/java/com/sparkage/timebeam/application/service/SessionServiceTest.java:[5,35] package com.sparkage.timebeam.model does not exist
[ERROR] /Users/kayisrahman/Documents/workspace/ideas/time-beam/back-end/src/test/java/com/sparkage/timebeam/application/service/SessionServiceTest.java:[6,40] cannot find symbol
  symbol:   class SessionRecordRepository
  location: package com.sparkage.timebeam.repository
[ERROR] /Users/kayisrahman/Documents/workspace/ideas/time-beam/back-end/src/test/java/com/sparkage/timebeam/application/service/SessionServiceTest.java:[21,19] cannot find symbol
  symbol:   class SessionRecordRepository
  location: class com.sparkage.timebeam.service.SessionServiceTest
[ERROR] /Users/kayisrahman/Documents/workspace/ideas/time-beam/back-end/src/test/java/com/sparkage/timebeam/application/service/SessionServiceTest.java:[22,19] cannot find symbol
  symbol:   class SessionRecordMapper
  location: class com.sparkage.timebeam.service.SessionServiceTest
[ERROR] /Users/kayisrahman/Documents/workspace/ideas/time-beam/back-end/src/test/java/com/sparkage/timebeam/application/service/SessionServiceTest.java:[23,19] cannot find symbol
  symbol:   class SessionService
  location: class com.sparkage.timebeam.service.SessionServiceTest
[ERROR] /Users/kayisrahman/Documents/workspace/ideas/time-beam/back-end/src/test/java/com/sparkage/timebeam/application/service/AuthServiceTest.java:[6,38] package com.sparkage.timebeam.security does not exist
[ERROR] /Users/kayisrahman/Documents/workspace/ideas/time-beam/back-end/src/test/java/com/sparkage/timebeam/application/service/AuthServiceTest.java:[21,13] cannot find symbol
  symbol:   class JwtUtils
  location: class com.sparkage.timebeam.application.service.AuthServiceTest
[ERROR] /Users/kayisrahman/Documents/workspace/ideas/time-beam/back-end/src/test/java/com/sparkage/timebeam/presentation/controller/AuthControllerTest.java:[28,27] cannot find symbol
  symbol: class AuthController
[ERROR] /Users/kayisrahman/Documents/workspace/ideas/time-beam/back-end/src/test/java/com/sparkage/timebeam/presentation/controller/SessionControllerTest.java:[29,27] cannot find symbol
  symbol: class SessionController
[INFO] 30 errors 
[INFO] -------------------------------------------------------------
[INFO] ------------------------------------------------------------------------
[INFO] BUILD FAILURE
[INFO] ------------------------------------------------------------------------
[INFO] Total time:  2.182 s
[INFO] Finished at: 2025-12-03T15:13:43Z
[INFO] ------------------------------------------------------------------------
[ERROR] Failed to execute goal org.apache.maven.plugins:maven-compiler-plugin:3.11.0:testCompile (default-testCompile) on project timebeam-backend: Compilation failure: Compilation failure: 
[ERROR] /Users/kayisrahman/Documents/workspace/ideas/time-beam/back-end/src/test/java/com/sparkage/timebeam/infrastructure/persistence/SessionRecordRepositoryIT.java:[3,35] package com.sparkage.timebeam.model does not exist
[ERROR] /Users/kayisrahman/Documents/workspace/ideas/time-beam/back-end/src/test/java/com/sparkage/timebeam/infrastructure/persistence/SessionRecordRepositoryIT.java:[17,13] cannot find symbol
[ERROR]   symbol:   class SessionRecordRepository
[ERROR]   location: class com.sparkage.timebeam.repository.SessionRecordRepositoryIT
[ERROR] /Users/kayisrahman/Documents/workspace/ideas/time-beam/back-end/src/test/java/com/sparkage/timebeam/presentation/controller/AuthControllerTest.java:[4,33] package com.sparkage.timebeam.dto does not exist
[ERROR] /Users/kayisrahman/Documents/workspace/ideas/time-beam/back-end/src/test/java/com/sparkage/timebeam/presentation/controller/AuthControllerTest.java:[5,33] package com.sparkage.timebeam.dto does not exist
[ERROR] /Users/kayisrahman/Documents/workspace/ideas/time-beam/back-end/src/test/java/com/sparkage/timebeam/presentation/controller/AuthControllerTest.java:[6,37] cannot find symbol
[ERROR]   symbol:   class AuthService
[ERROR]   location: package com.sparkage.timebeam.service
[ERROR] /Users/kayisrahman/Documents/workspace/ideas/time-beam/back-end/src/test/java/com/sparkage/timebeam/presentation/controller/AuthControllerTest.java:[7,37] cannot find symbol
[ERROR]   symbol:   class UserService
[ERROR]   location: package com.sparkage.timebeam.service
[ERROR] /Users/kayisrahman/Documents/workspace/ideas/time-beam/back-end/src/test/java/com/sparkage/timebeam/presentation/controller/AuthControllerTest.java:[8,38] package com.sparkage.timebeam.security does not exist
[ERROR] /Users/kayisrahman/Documents/workspace/ideas/time-beam/back-end/src/test/java/com/sparkage/timebeam/presentation/controller/AuthControllerTest.java:[35,13] cannot find symbol
[ERROR]   symbol:   class UserService
[ERROR]   location: class com.sparkage.timebeam.controller.AuthControllerTest
[ERROR] /Users/kayisrahman/Documents/workspace/ideas/time-beam/back-end/src/test/java/com/sparkage/timebeam/presentation/controller/AuthControllerTest.java:[38,13] cannot find symbol
[ERROR]   symbol:   class AuthService
[ERROR]   location: class com.sparkage.timebeam.controller.AuthControllerTest
[ERROR] /Users/kayisrahman/Documents/workspace/ideas/time-beam/back-end/src/test/java/com/sparkage/timebeam/presentation/controller/AuthControllerTest.java:[41,13] cannot find symbol
[ERROR]   symbol:   class JwtUtils
[ERROR]   location: class com.sparkage.timebeam.controller.AuthControllerTest
[ERROR] /Users/kayisrahman/Documents/workspace/ideas/time-beam/back-end/src/test/java/com/sparkage/timebeam/application/service/AnalyticsServiceTest.java:[3,33] package com.sparkage.timebeam.dto does not exist
[ERROR] /Users/kayisrahman/Documents/workspace/ideas/time-beam/back-end/src/test/java/com/sparkage/timebeam/application/service/AnalyticsServiceTest.java:[13,19] cannot find symbol
[ERROR]   symbol:   class AnalyticsService
[ERROR]   location: class com.sparkage.timebeam.service.AnalyticsServiceTest
[ERROR] /Users/kayisrahman/Documents/workspace/ideas/time-beam/back-end/src/test/java/com/sparkage/timebeam/presentation/controller/SessionControllerTest.java:[4,33] package com.sparkage.timebeam.dto does not exist
[ERROR] /Users/kayisrahman/Documents/workspace/ideas/time-beam/back-end/src/test/java/com/sparkage/timebeam/presentation/controller/SessionControllerTest.java:[5,37] cannot find symbol
[ERROR]   symbol:   class SessionService
[ERROR]   location: package com.sparkage.timebeam.service
[ERROR] /Users/kayisrahman/Documents/workspace/ideas/time-beam/back-end/src/test/java/com/sparkage/timebeam/presentation/controller/SessionControllerTest.java:[6,38] package com.sparkage.timebeam.security does not exist
[ERROR] /Users/kayisrahman/Documents/workspace/ideas/time-beam/back-end/src/test/java/com/sparkage/timebeam/presentation/controller/SessionControllerTest.java:[7,38] package com.sparkage.timebeam.security does not exist
[ERROR] /Users/kayisrahman/Documents/workspace/ideas/time-beam/back-end/src/test/java/com/sparkage/timebeam/presentation/controller/SessionControllerTest.java:[36,13] cannot find symbol
[ERROR]   symbol:   class SessionService
[ERROR]   location: class com.sparkage.timebeam.controller.SessionControllerTest
[ERROR] /Users/kayisrahman/Documents/workspace/ideas/time-beam/back-end/src/test/java/com/sparkage/timebeam/presentation/controller/SessionControllerTest.java:[39,13] cannot find symbol
[ERROR]   symbol:   class JwtUtils
[ERROR]   location: class com.sparkage.timebeam.controller.SessionControllerTest
[ERROR] /Users/kayisrahman/Documents/workspace/ideas/time-beam/back-end/src/test/java/com/sparkage/timebeam/presentation/controller/SessionControllerTest.java:[42,13] cannot find symbol
[ERROR]   symbol:   class JwtAuthenticationFilter
[ERROR]   location: class com.sparkage.timebeam.controller.SessionControllerTest
[ERROR] /Users/kayisrahman/Documents/workspace/ideas/time-beam/back-end/src/test/java/com/sparkage/timebeam/application/service/SessionServiceTest.java:[3,33] package com.sparkage.timebeam.dto does not exist
[ERROR] /Users/kayisrahman/Documents/workspace/ideas/time-beam/back-end/src/test/java/com/sparkage/timebeam/application/service/SessionServiceTest.java:[4,36] package com.sparkage.timebeam.mapper does not exist
[ERROR] /Users/kayisrahman/Documents/workspace/ideas/time-beam/back-end/src/test/java/com/sparkage/timebeam/application/service/SessionServiceTest.java:[5,35] package com.sparkage.timebeam.model does not exist
[ERROR] /Users/kayisrahman/Documents/workspace/ideas/time-beam/back-end/src/test/java/com/sparkage/timebeam/application/service/SessionServiceTest.java:[6,40] cannot find symbol
[ERROR]   symbol:   class SessionRecordRepository
[ERROR]   location: package com.sparkage.timebeam.repository
[ERROR] /Users/kayisrahman/Documents/workspace/ideas/time-beam/back-end/src/test/java/com/sparkage/timebeam/application/service/SessionServiceTest.java:[21,19] cannot find symbol
[ERROR]   symbol:   class SessionRecordRepository
[ERROR]   location: class com.sparkage.timebeam.service.SessionServiceTest
[ERROR] /Users/kayisrahman/Documents/workspace/ideas/time-beam/back-end/src/test/java/com/sparkage/timebeam/application/service/SessionServiceTest.java:[22,19] cannot find symbol
[ERROR]   symbol:   class SessionRecordMapper
[ERROR]   location: class com.sparkage.timebeam.service.SessionServiceTest
[ERROR] /Users/kayisrahman/Documents/workspace/ideas/time-beam/back-end/src/test/java/com/sparkage/timebeam/application/service/SessionServiceTest.java:[23,19] cannot find symbol
[ERROR]   symbol:   class SessionService
[ERROR]   location: class com.sparkage.timebeam.service.SessionServiceTest
[ERROR] /Users/kayisrahman/Documents/workspace/ideas/time-beam/back-end/src/test/java/com/sparkage/timebeam/application/service/AuthServiceTest.java:[6,38] package com.sparkage.timebeam.security does not exist
[ERROR] /Users/kayisrahman/Documents/workspace/ideas/time-beam/back-end/src/test/java/com/sparkage/timebeam/application/service/AuthServiceTest.java:[21,13] cannot find symbol
[ERROR]   symbol:   class JwtUtils
[ERROR]   location: class com.sparkage.timebeam.application.service.AuthServiceTest
[ERROR] /Users/kayisrahman/Documents/workspace/ideas/time-beam/back-end/src/test/java/com/sparkage/timebeam/presentation/controller/AuthControllerTest.java:[28,27] cannot find symbol
[ERROR]   symbol: class AuthController
[ERROR] /Users/kayisrahman/Documents/workspace/ideas/time-beam/back-end/src/test/java/com/sparkage/timebeam/presentation/controller/SessionControllerTest.java:[29,27] cannot find symbol
[ERROR]   symbol: class SessionController
[ERROR] -> [Help 1]
[ERROR] 
[ERROR] To see the full stack trace of the errors, re-run Maven with the -e switch.
[ERROR] Re-run Maven using the -X switch to enable full debug logging.
[ERROR] 
[ERROR] For more information about the errors and possible solutions, please read the following articles:
[ERROR] [Help 1] http://cwiki.apache.org/confluence/display/MAVEN/MojoFailureException
