WARNING: A terminally deprecated method in sun.misc.Unsafe has been called
WARNING: sun.misc.Unsafe::staticFieldBase has been called by com.google.inject.internal.aop.HiddenClassDefiner (file:/opt/homebrew/Cellar/maven/3.9.11/libexec/lib/guice-5.1.0-classes.jar)
WARNING: Please consider reporting this to the maintainers of class com.google.inject.internal.aop.HiddenClassDefiner
WARNING: sun.misc.Unsafe::staticFieldBase will be removed in a future release
[INFO] Scanning for projects...
[INFO] 
[INFO] -------------------< com.sparkage:timebeam-backend >--------------------
[INFO] Building TimeBeam Backend 0.0.1-SNAPSHOT
[INFO]   from pom.xml
[INFO] --------------------------------[ jar ]---------------------------------
[INFO] 
[INFO] >>> spring-boot:3.2.0:run (default-cli) > test-compile @ timebeam-backend >>>
[INFO] 
[INFO] --- resources:3.3.1:resources (default-resources) @ timebeam-backend ---
[INFO] Copying 1 resource from src/main/resources to target/classes
[INFO] Copying 1 resource from src/main/resources to target/classes
[INFO] 
[INFO] --- compiler:3.11.0:compile (default-compile) @ timebeam-backend ---
[INFO] Nothing to compile - all classes are up to date
[INFO] 
[INFO] --- resources:3.3.1:testResources (default-testResources) @ timebeam-backend ---
[INFO] Copying 2 resources from src/test/resources to target/test-classes
[INFO] 
[INFO] --- compiler:3.11.0:testCompile (default-testCompile) @ timebeam-backend ---
[INFO] Changes detected - recompiling the module! :source
[INFO] Compiling 15 source files with javac [debug release 17] to target/test-classes
[INFO] -------------------------------------------------------------
[WARNING] COMPILATION WARNING : 
[INFO] -------------------------------------------------------------
[WARNING] /Users/kayisrahman/Documents/workspace/ideas/time-beam/back-end/src/test/java/com/sparkage/timebeam/TestSecurityConfig.java:[34,13] csrf() in org.springframework.security.config.annotation.web.builders.HttpSecurity has been deprecated and marked for removal
[WARNING] /Users/kayisrahman/Documents/workspace/ideas/time-beam/back-end/src/test/java/com/sparkage/timebeam/TestSecurityConfig.java:[35,13] authorizeHttpRequests() in org.springframework.security.config.annotation.web.builders.HttpSecurity has been deprecated and marked for removal
[INFO] 2 warnings 
[INFO] -------------------------------------------------------------
[INFO] -------------------------------------------------------------
[ERROR] COMPILATION ERROR : 
[INFO] -------------------------------------------------------------
[ERROR] /Users/kayisrahman/Documents/workspace/ideas/time-beam/back-end/src/test/java/com/sparkage/timebeam/presentation/controller/TimerSyncIntegrationTest.java:[142,16] cannot find symbol
  symbol:   method setTimestamp(java.time.Instant)
  location: variable stateT1 of type com.sparkage.timebeam.presentation.dto.TimerStateDto
[ERROR] /Users/kayisrahman/Documents/workspace/ideas/time-beam/back-end/src/test/java/com/sparkage/timebeam/presentation/controller/TimerSyncIntegrationTest.java:[146,16] cannot find symbol
  symbol:   method setTimestamp(java.time.Instant)
  location: variable stateT2 of type com.sparkage.timebeam.presentation.dto.TimerStateDto
[ERROR] /Users/kayisrahman/Documents/workspace/ideas/time-beam/back-end/src/test/java/com/sparkage/timebeam/presentation/controller/TimerSyncIntegrationTest.java:[174,15] cannot find symbol
  symbol:   method setTimestamp(java.time.Instant)
  location: variable stateA of type com.sparkage.timebeam.presentation.dto.TimerStateDto
[ERROR] /Users/kayisrahman/Documents/workspace/ideas/time-beam/back-end/src/test/java/com/sparkage/timebeam/presentation/controller/TimerSyncIntegrationTest.java:[178,15] cannot find symbol
  symbol:   method setTimestamp(java.time.Instant)
  location: variable stateB of type com.sparkage.timebeam.presentation.dto.TimerStateDto
[ERROR] /Users/kayisrahman/Documents/workspace/ideas/time-beam/back-end/src/test/java/com/sparkage/timebeam/presentation/controller/TimerSyncIntegrationTest.java:[202,17] cannot find symbol
  symbol:   method setTimestamp(java.time.Instant)
  location: variable newState of type com.sparkage.timebeam.presentation.dto.TimerStateDto
[ERROR] /Users/kayisrahman/Documents/workspace/ideas/time-beam/back-end/src/test/java/com/sparkage/timebeam/presentation/controller/TimerSyncIntegrationTest.java:[211,17] cannot find symbol
  symbol:   method setTimestamp(java.time.Instant)
  location: variable oldState of type com.sparkage.timebeam.presentation.dto.TimerStateDto
[ERROR] /Users/kayisrahman/Documents/workspace/ideas/time-beam/back-end/src/test/java/com/sparkage/timebeam/presentation/controller/TimerSyncIntegrationTest.java:[236,20] cannot find symbol
  symbol:   method setTimestamp(java.time.Instant)
  location: variable serverState of type com.sparkage.timebeam.presentation.dto.TimerStateDto
[ERROR] /Users/kayisrahman/Documents/workspace/ideas/time-beam/back-end/src/test/java/com/sparkage/timebeam/presentation/controller/TimerSyncIntegrationTest.java:[244,20] cannot find symbol
  symbol:   method setTimestamp(java.time.Instant)
  location: variable deviceState of type com.sparkage.timebeam.presentation.dto.TimerStateDto
[ERROR] /Users/kayisrahman/Documents/workspace/ideas/time-beam/back-end/src/test/java/com/sparkage/timebeam/presentation/controller/TimerSyncIntegrationTest.java:[262,20] cannot find symbol
  symbol:   method setTimestamp(java.time.Instant)
  location: variable serverState of type com.sparkage.timebeam.presentation.dto.TimerStateDto
[ERROR] /Users/kayisrahman/Documents/workspace/ideas/time-beam/back-end/src/test/java/com/sparkage/timebeam/presentation/controller/TimerSyncIntegrationTest.java:[270,20] cannot find symbol
  symbol:   method setTimestamp(java.time.Instant)
  location: variable deviceState of type com.sparkage.timebeam.presentation.dto.TimerStateDto
[ERROR] /Users/kayisrahman/Documents/workspace/ideas/time-beam/back-end/src/test/java/com/sparkage/timebeam/presentation/controller/TimerSyncIntegrationTest.java:[510,22] cannot find symbol
  symbol:   method setTimestamp(java.time.Instant)
  location: variable boundaryState of type com.sparkage.timebeam.presentation.dto.TimerStateDto
[ERROR] /Users/kayisrahman/Documents/workspace/ideas/time-beam/back-end/src/test/java/com/sparkage/timebeam/presentation/controller/TimerSyncIntegrationTest.java:[711,14] cannot find symbol
  symbol:   method setTimestamp(java.time.Instant)
  location: variable state of type com.sparkage.timebeam.presentation.dto.TimerStateDto
[ERROR] /Users/kayisrahman/Documents/workspace/ideas/time-beam/back-end/src/test/java/com/sparkage/timebeam/application/service/TimerSyncServiceTest.java:[62,22] cannot find symbol
  symbol:   method setTimestamp(java.time.Instant)
  location: variable timerStateDto of type com.sparkage.timebeam.presentation.dto.TimerStateDto
[INFO] 13 errors 
[INFO] -------------------------------------------------------------
[INFO] ------------------------------------------------------------------------
[INFO] BUILD FAILURE
[INFO] ------------------------------------------------------------------------
[INFO] Total time:  3.265 s
[INFO] Finished at: 2025-12-10T15:00:16Z
[INFO] ------------------------------------------------------------------------
[ERROR] Failed to execute goal org.apache.maven.plugins:maven-compiler-plugin:3.11.0:testCompile (default-testCompile) on project timebeam-backend: Compilation failure: Compilation failure: 
[ERROR] /Users/kayisrahman/Documents/workspace/ideas/time-beam/back-end/src/test/java/com/sparkage/timebeam/presentation/controller/TimerSyncIntegrationTest.java:[142,16] cannot find symbol
[ERROR]   symbol:   method setTimestamp(java.time.Instant)
[ERROR]   location: variable stateT1 of type com.sparkage.timebeam.presentation.dto.TimerStateDto
[ERROR] /Users/kayisrahman/Documents/workspace/ideas/time-beam/back-end/src/test/java/com/sparkage/timebeam/presentation/controller/TimerSyncIntegrationTest.java:[146,16] cannot find symbol
[ERROR]   symbol:   method setTimestamp(java.time.Instant)
[ERROR]   location: variable stateT2 of type com.sparkage.timebeam.presentation.dto.TimerStateDto
[ERROR] /Users/kayisrahman/Documents/workspace/ideas/time-beam/back-end/src/test/java/com/sparkage/timebeam/presentation/controller/TimerSyncIntegrationTest.java:[174,15] cannot find symbol
[ERROR]   symbol:   method setTimestamp(java.time.Instant)
[ERROR]   location: variable stateA of type com.sparkage.timebeam.presentation.dto.TimerStateDto
[ERROR] /Users/kayisrahman/Documents/workspace/ideas/time-beam/back-end/src/test/java/com/sparkage/timebeam/presentation/controller/TimerSyncIntegrationTest.java:[178,15] cannot find symbol
[ERROR]   symbol:   method setTimestamp(java.time.Instant)
[ERROR]   location: variable stateB of type com.sparkage.timebeam.presentation.dto.TimerStateDto
[ERROR] /Users/kayisrahman/Documents/workspace/ideas/time-beam/back-end/src/test/java/com/sparkage/timebeam/presentation/controller/TimerSyncIntegrationTest.java:[202,17] cannot find symbol
[ERROR]   symbol:   method setTimestamp(java.time.Instant)
[ERROR]   location: variable newState of type com.sparkage.timebeam.presentation.dto.TimerStateDto
[ERROR] /Users/kayisrahman/Documents/workspace/ideas/time-beam/back-end/src/test/java/com/sparkage/timebeam/presentation/controller/TimerSyncIntegrationTest.java:[211,17] cannot find symbol
[ERROR]   symbol:   method setTimestamp(java.time.Instant)
[ERROR]   location: variable oldState of type com.sparkage.timebeam.presentation.dto.TimerStateDto
[ERROR] /Users/kayisrahman/Documents/workspace/ideas/time-beam/back-end/src/test/java/com/sparkage/timebeam/presentation/controller/TimerSyncIntegrationTest.java:[236,20] cannot find symbol
[ERROR]   symbol:   method setTimestamp(java.time.Instant)
[ERROR]   location: variable serverState of type com.sparkage.timebeam.presentation.dto.TimerStateDto
[ERROR] /Users/kayisrahman/Documents/workspace/ideas/time-beam/back-end/src/test/java/com/sparkage/timebeam/presentation/controller/TimerSyncIntegrationTest.java:[244,20] cannot find symbol
[ERROR]   symbol:   method setTimestamp(java.time.Instant)
[ERROR]   location: variable deviceState of type com.sparkage.timebeam.presentation.dto.TimerStateDto
[ERROR] /Users/kayisrahman/Documents/workspace/ideas/time-beam/back-end/src/test/java/com/sparkage/timebeam/presentation/controller/TimerSyncIntegrationTest.java:[262,20] cannot find symbol
[ERROR]   symbol:   method setTimestamp(java.time.Instant)
[ERROR]   location: variable serverState of type com.sparkage.timebeam.presentation.dto.TimerStateDto
[ERROR] /Users/kayisrahman/Documents/workspace/ideas/time-beam/back-end/src/test/java/com/sparkage/timebeam/presentation/controller/TimerSyncIntegrationTest.java:[270,20] cannot find symbol
[ERROR]   symbol:   method setTimestamp(java.time.Instant)
[ERROR]   location: variable deviceState of type com.sparkage.timebeam.presentation.dto.TimerStateDto
[ERROR] /Users/kayisrahman/Documents/workspace/ideas/time-beam/back-end/src/test/java/com/sparkage/timebeam/presentation/controller/TimerSyncIntegrationTest.java:[510,22] cannot find symbol
[ERROR]   symbol:   method setTimestamp(java.time.Instant)
[ERROR]   location: variable boundaryState of type com.sparkage.timebeam.presentation.dto.TimerStateDto
[ERROR] /Users/kayisrahman/Documents/workspace/ideas/time-beam/back-end/src/test/java/com/sparkage/timebeam/presentation/controller/TimerSyncIntegrationTest.java:[711,14] cannot find symbol
[ERROR]   symbol:   method setTimestamp(java.time.Instant)
[ERROR]   location: variable state of type com.sparkage.timebeam.presentation.dto.TimerStateDto
[ERROR] /Users/kayisrahman/Documents/workspace/ideas/time-beam/back-end/src/test/java/com/sparkage/timebeam/application/service/TimerSyncServiceTest.java:[62,22] cannot find symbol
[ERROR]   symbol:   method setTimestamp(java.time.Instant)
[ERROR]   location: variable timerStateDto of type com.sparkage.timebeam.presentation.dto.TimerStateDto
[ERROR] -> [Help 1]
[ERROR] 
[ERROR] To see the full stack trace of the errors, re-run Maven with the -e switch.
[ERROR] Re-run Maven using the -X switch to enable full debug logging.
[ERROR] 
[ERROR] For more information about the errors and possible solutions, please read the following articles:
[ERROR] [Help 1] http://cwiki.apache.org/confluence/display/MAVEN/MojoFailureException
